 
char c1 = '/* not a comment */';
char c2 = '// not a comment';
