 
const char* str1 = "/* not a comment */";
const char* str2 = "// not a comment";
