 

 
const char* t1 = "# (#)";
const char* t2 = "\\ (\\)";
const char* t4 = "^ (^)";
const char* t5 = "[ ([)";
const char* t6 = "] (])";
const char* t7 = "| (|)";
const char* t8 = "{ ({)";
const char* t9 = "} (})";
const char* t10 = "~ (~)";
