 

 
int line_spliced =  1;

int not_\ 
spliced_1;

int not_\ 
spliced_2;

