 

int main(int argc, char** argv)
{

	assert(1 == 1);


	assert(2 == 2);

	return 0;
}
