tests/err/err01/test.c:2:0: <your error message goes here>